// Jest Snapshot v1, https://goo.gl/fbAQLP

exports[`test suite of one react component renders correctly 1`] = `ShallowWrapper {}`;
